   Compiling libc v0.2.189
    Checking memchr v2.8.3
   Compiling syn v2.0.119
   Compiling syn v3.0.5
   Compiling zerocopy v0.8.56
    Checking bitflags v2.13.1
   Compiling zerocopy-derive v0.8.56
   Compiling crossbeam-utils v0.8.23
    Checking aho-corasick v1.1.5
   Compiling find-msvc-tools v0.1.12
   Compiling shlex v2.0.1
   Compiling crossbeam-epoch v0.9.21
   Compiling serde_core v1.0.229
    Checking regex-syntax v0.8.11
    Checking regex-automata v0.4.18
   Compiling cc v1.4.5
   Compiling crossbeam-deque v0.8.8
    Checking anstyle v1.0.14
   Compiling heck v0.5.0
   Compiling equator-macro v0.4.2
    Checking utf8parse v0.2.2
   Compiling zmij v1.0.23
   Compiling serde v1.0.229
    Checking anstyle-parse v1.0.0
    Checking equator v0.4.2
   Compiling serde_derive v1.0.229
   Compiling rustix v1.1.4
    Checking is_terminal_polyfill v1.70.2
    Checking log v0.4.34
   Compiling serde_json v1.0.151
    Checking colorchoice v1.0.5
    Checking anstyle-query v1.1.5
   Compiling getrandom v0.3.4
    Checking anstream v1.0.0
    Checking aligned-vec v0.6.4
    Checking rayon-core v1.13.0
   Compiling jobserver v0.1.35
    Checking regex v1.13.1
    Checking errno v0.3.14
    Checking clap_lex v1.1.0
    Checking strsim v0.11.1
    Checking itoa v1.0.18
   Compiling parking_lot_core v0.9.12
    Checking stable_deref_trait v1.2.1
   Compiling getrandom v0.4.3
    Checking as-slice v0.2.1
    Checking clap_builder v4.6.6
   Compiling nasm-rs v0.3.2
    Checking rayon v1.12.0
   Compiling alloca v0.4.0
   Compiling clap_derive v4.6.4
    Checking half v2.7.1
    Checking objc2-core-foundation v0.3.2
    Checking plotters-backend v0.3.7
    Checking predicates-core v1.0.10
   Compiling paste v1.0.15
    Checking ciborium-io v0.2.2
    Checking rand_core v0.10.1
    Checking scopeguard v1.2.0
    Checking smallvec v1.16.0
    Checking lock_api v0.4.14
    Checking clap v4.6.6
    Checking ciborium-ll v0.2.2
    Checking objc2-io-kit v0.3.2
   Compiling zenrav1e v0.2.0 (/Users/lilith/work/zen/zenrav1e)
    Checking plotters-svg v0.3.7
    Checking rand_core v0.9.5
   Compiling rav1d-safe v0.6.0 (https://github.com/imazen/rav1d-safe?rev=66f58fa6a64c689998721cc5cdb16a4698e26eec#66f58fa6)
    Checking aligned v0.4.3
    Checking env_filter v2.0.0
   Compiling strum_macros v0.28.0
    Checking itertools v0.13.0
    Checking ppv-lite86 v0.2.21
   Compiling profiling-procmacros v1.0.18
   Compiling archmage-macros v0.9.28
   Compiling atomig-macro v0.4.0
   Compiling thiserror-impl v2.0.20
    Checking no_std_io2 v0.9.4
    Checking difflib v0.4.0
    Checking cast v0.3.0
    Checking termtree v0.5.1
    Checking same-file v1.0.6
   Compiling assert_cmd v2.2.2
    Checking safe_unaligned_simd v0.2.5
    Checking walkdir v2.5.0
    Checking predicates-tree v1.0.13
    Checking thiserror v2.0.20
    Checking archmage v0.9.28
    Checking strum v0.28.0
    Checking criterion-plot v0.8.2
    Checking av1-grain v0.2.5
    Checking predicates v3.1.4
    Checking bitstream-io v4.10.0
    Checking atomig v0.4.3
    Checking profiling v1.0.18
    Checking rand_chacha v0.9.0
    Checking env_logger v0.11.11
    Checking rav1d-disjoint-mut v0.3.1 (https://github.com/imazen/rav1d-safe?rev=66f58fa6a64c689998721cc5cdb16a4698e26eec#66f58fa6)
    Checking maybe-rayon v0.1.1
    Checking plotters v0.3.7
    Checking sysinfo v0.36.1
    Checking ciborium v0.2.2
    Checking rand v0.10.2
    Checking parking_lot v0.12.5
    Checking terminal_size v0.4.4
    Checking fs4 v1.1.0
    Checking tinytemplate v1.2.1
    Checking v_frame v0.3.9
    Checking bstr v1.13.1
    Checking wait-timeout v0.2.1
    Checking page_size v0.6.0
    Checking raw-cpuid v11.6.0
   Compiling arg_enum_proc_macro v0.3.4
   Compiling num-derive v0.4.2
    Checking yansi v1.0.1
    Checking anes v0.1.6
    Checking oorandom v11.1.5
    Checking enough v0.4.4
    Checking assert_matches v1.5.0
    Checking diff v0.1.13
    Checking to_method v1.1.0
    Checking pretty_assertions v1.4.1
    Checking criterion v0.8.2
    Checking zenbench v0.1.9
    Checking quickcheck v1.1.0
    Checking rand v0.9.5
   Compiling interpolate_name v0.2.4
    Checking nom v8.0.0
    Checking semver v1.0.28
    Finished `dev` profile [optimized + debuginfo] target(s) in 10.88s
